#-----------------------------------------------------------
# Vivado v2024.1 (64-bit)
# SW Build 5076996 on Wed May 22 18:37:14 MDT 2024
# IP Build 5075265 on Wed May 22 21:45:21 MDT 2024
# SharedData Build 5076995 on Wed May 22 18:29:18 MDT 2024
# Start of session at: Mon Feb 16 22:05:12 2026
# Process ID: 29444
# Current directory: C:/Users/user/Desktop/srf_pll/SRF_PLL/srf_pll
# Command line: vivado.exe -gui_launcher_event rodinguilauncherevent24616 C:\Users\user\Desktop\srf_pll\SRF_PLL\srf_pll\srf_pll.xpr
# Log file: C:/Users/user/Desktop/srf_pll/SRF_PLL/srf_pll/vivado.log
# Journal file: C:/Users/user/Desktop/srf_pll/SRF_PLL/srf_pll\vivado.jou
# Running On        :DESKTOP-CNIMS8K
# Platform          :Windows Server 2016 or Windows 10
# Operating System  :19045
# Processor Detail  :Intel(R) Core(TM) i5-8350U CPU @ 1.70GHz
# CPU Frequency     :1896 MHz
# CPU Physical cores:4
# CPU Logical cores :8
# Host memory       :17048 MB
# Swap memory       :17048 MB
# Total Virtual     :34096 MB
# Available Virtual :18809 MB
#-----------------------------------------------------------
start_gui
open_project C:/Users/user/Desktop/srf_pll/SRF_PLL/srf_pll/srf_pll.xpr
update_compile_order -fileset sources_1
launch_simulation
open_project C:/Users/user/Documents/sogi_tustin/sogi_tustin.xpr
current_project srf_pll
current_project sogi_tustin
launch_simulation
source tb_srf_pll.tcl
update_compile_order -fileset sources_1
current_project srf_pll
set_property file_type {VHDL 2008} [get_files  C:/Users/user/Desktop/srf_pll/SRF_PLL/srf_pll/srf_pll.srcs/sources_1/imports/new/sogi.vhd]
launch_simulation
set_property file_type {VHDL 2008} [get_files  C:/Users/user/Desktop/srf_pll/SRF_PLL/srf_pll/srf_pll.srcs/sources_1/imports/new/shift_buffer.vhd]
launch_simulation
source tb_srf_pll.tcl
run 400000000 ns
close_sim
close_project
