#-----------------------------------------------------------
# Vivado v2024.1 (64-bit)
# SW Build 5076996 on Wed May 22 18:37:14 MDT 2024
# IP Build 5075265 on Wed May 22 21:45:21 MDT 2024
# SharedData Build 5076995 on Wed May 22 18:29:18 MDT 2024
# Start of session at: Mon Feb 16 21:50:44 2026
# Process ID: 22548
# Current directory: C:/Users/user/Desktop/srf_pll/SRF_PLL/srf_pll
# Command line: vivado.exe -gui_launcher_event rodinguilauncherevent1392 C:\Users\user\Desktop\srf_pll\SRF_PLL\srf_pll\srf_pll.xpr
# Log file: C:/Users/user/Desktop/srf_pll/SRF_PLL/srf_pll/vivado.log
# Journal file: C:/Users/user/Desktop/srf_pll/SRF_PLL/srf_pll\vivado.jou
# Running On        :DESKTOP-CNIMS8K
# Platform          :Windows Server 2016 or Windows 10
# Operating System  :19045
# Processor Detail  :Intel(R) Core(TM) i5-8350U CPU @ 1.70GHz
# CPU Frequency     :1896 MHz
# CPU Physical cores:4
# CPU Logical cores :8
# Host memory       :17048 MB
# Swap memory       :17048 MB
# Total Virtual     :34096 MB
# Available Virtual :17401 MB
#-----------------------------------------------------------
start_gui
open_project C:/Users/user/Desktop/srf_pll/SRF_PLL/srf_pll/srf_pll.xpr
WARNING: [Board 49-26] cannot add Board Part digilentinc.com:arty-s7-25:part0:1.1 available at C:/Xilinx/Vivado/2024.1/data/boards/board_files/arty-s7-25/E.0/board.xml as part xc7s25csga324-1 specified in board_part file is either invalid or not available
WARNING: [Board 49-26] cannot add Board Part digilentinc.com:arty-s7-50:part0:1.1 available at C:/Xilinx/Vivado/2024.1/data/boards/board_files/arty-s7-50/B.0/board.xml as part xc7s50csga324-1 specified in board_part file is either invalid or not available
WARNING: [Board 49-26] cannot add Board Part digilentinc.com:cmod-s7-25:part0:1.0 available at C:/Xilinx/Vivado/2024.1/data/boards/board_files/cmod-s7-25/B.0/board.xml as part xc7s25csga225-1 specified in board_part file is either invalid or not available
WARNING: [Board 49-26] cannot add Board Part digilentinc.com:genesys2:part0:1.1 available at C:/Xilinx/Vivado/2024.1/data/boards/board_files/genesys2/H/board.xml as part xc7k325tffg900-2 specified in board_part file is either invalid or not available
WARNING: [Board 49-26] cannot add Board Part digilentinc.com:sword:part0:1.0 available at C:/Xilinx/Vivado/2024.1/data/boards/board_files/sword/C.0/board.xml as part xc7k325tffg900-2 specified in board_part file is either invalid or not available
WARNING: [Board 49-26] cannot add Board Part xilinx.com:kc705:part0:1.6 available at C:/Xilinx/Vivado/2024.1/data/xhub/boards/XilinxBoardStore/boards/Xilinx/kc705/1.6/board.xml as part xc7k325tffg900-2 specified in board_part file is either invalid or not available
WARNING: [Board 49-26] cannot add Board Part xilinx.com:kcu105:part0:1.6 available at C:/Xilinx/Vivado/2024.1/data/xhub/boards/XilinxBoardStore/boards/Xilinx/kcu105/1.6/board.xml as part xcku040-ffva1156-2-e specified in board_part file is either invalid or not available
WARNING: [Board 49-26] cannot add Board Part xilinx.com:kcu105:part0:1.7 available at C:/Xilinx/Vivado/2024.1/data/xhub/boards/XilinxBoardStore/boards/Xilinx/kcu105/1.7/board.xml as part xcku040-ffva1156-2-e specified in board_part file is either invalid or not available
WARNING: [Board 49-26] cannot add Board Part xilinx.com:kcu116:part0:1.4 available at C:/Xilinx/Vivado/2024.1/data/xhub/boards/XilinxBoardStore/boards/Xilinx/kcu116/1.4/board.xml as part xcku5p-ffvb676-2-e specified in board_part file is either invalid or not available
WARNING: [Board 49-26] cannot add Board Part xilinx.com:kcu116:part0:1.5 available at C:/Xilinx/Vivado/2024.1/data/xhub/boards/XilinxBoardStore/boards/Xilinx/kcu116/1.5/board.xml as part xcku5p-ffvb676-2-e specified in board_part file is either invalid or not available
WARNING: [Board 49-26] cannot add Board Part xilinx.com:kcu1500:part0:1.2 available at C:/Xilinx/Vivado/2024.1/data/xhub/boards/XilinxBoardStore/boards/Xilinx/kcu1500/1.2/board.xml as part xcku115-flvb2104-2-e specified in board_part file is either invalid or not available
WARNING: [Board 49-26] cannot add Board Part xilinx.com:sp701:part0:1.0 available at C:/Xilinx/Vivado/2024.1/data/xhub/boards/XilinxBoardStore/boards/Xilinx/sp701/1.0/board.xml as part xc7s100fgga676-2 specified in board_part file is either invalid or not available
WARNING: [Board 49-26] cannot add Board Part xilinx.com:sp701:part0:1.1 available at C:/Xilinx/Vivado/2024.1/data/xhub/boards/XilinxBoardStore/boards/Xilinx/sp701/1.1/board.xml as part xc7s100fgga676-2 specified in board_part file is either invalid or not available
WARNING: [Board 49-26] cannot add Board Part xilinx.com:vc707:part0:1.4 available at C:/Xilinx/Vivado/2024.1/data/xhub/boards/XilinxBoardStore/boards/Xilinx/vc707/1.4/board.xml as part xc7vx485tffg1761-2 specified in board_part file is either invalid or not available
WARNING: [Board 49-26] cannot add Board Part xilinx.com:vc709:part0:1.8 available at C:/Xilinx/Vivado/2024.1/data/xhub/boards/XilinxBoardStore/boards/Xilinx/vc709/1.8/board.xml as part xc7vx690tffg1761-2 specified in board_part file is either invalid or not available
WARNING: [Board 49-26] cannot add Board Part xilinx.com:vck190:part0:2.2 available at C:/Xilinx/Vivado/2024.1/data/xhub/boards/XilinxBoardStore/boards/Xilinx/vck190/production/2.2/board.xml as part xcvc1902-vsva2197-2mp-e-s specified in board_part file is either invalid or not available
WARNING: [Board 49-26] cannot add Board Part xilinx.com:vck190:part0:3.0 available at C:/Xilinx/Vivado/2024.1/data/xhub/boards/XilinxBoardStore/boards/Xilinx/vck190/production/3.0/board.xml as part xcvc1902-vsva2197-2mp-e-s specified in board_part file is either invalid or not available
WARNING: [Board 49-26] cannot add Board Part xilinx.com:vck190:part0:3.1 available at C:/Xilinx/Vivado/2024.1/data/xhub/boards/XilinxBoardStore/boards/Xilinx/vck190/production/3.1/board.xml as part xcvc1902-vsva2197-2mp-e-s specified in board_part file is either invalid or not available
WARNING: [Board 49-26] cannot add Board Part xilinx.com:vck190:part0:3.2 available at C:/Xilinx/Vivado/2024.1/data/xhub/boards/XilinxBoardStore/boards/Xilinx/vck190/production/3.2/board.xml as part xcvc1902-vsva2197-2mp-e-s specified in board_part file is either invalid or not available
WARNING: [Board 49-26] cannot add Board Part xilinx.com:vck190:part0:3.3 available at C:/Xilinx/Vivado/2024.1/data/xhub/boards/XilinxBoardStore/boards/Xilinx/vck190/production/3.3/board.xml as part xcvc1902-vsva2197-2mp-e-s specified in board_part file is either invalid or not available
WARNING: [Board 49-26] cannot add Board Part xilinx.com:vck190_newl:part0:1.0 available at C:/Xilinx/Vivado/2024.1/data/xhub/boards/XilinxBoardStore/boards/Xilinx/vck190_newl/production/1.0/board.xml as part xcvc1902-vsva2197-2mp-e-s specified in board_part file is either invalid or not available
WARNING: [Board 49-26] cannot add Board Part xilinx.com:vck190_newl:part0:1.1 available at C:/Xilinx/Vivado/2024.1/data/xhub/boards/XilinxBoardStore/boards/Xilinx/vck190_newl/production/1.1/board.xml as part xcvc1902-vsva2197-2mp-e-s specified in board_part file is either invalid or not available
WARNING: [Board 49-26] cannot add Board Part xilinx.com:vck190_newl:part0:1.2 available at C:/Xilinx/Vivado/2024.1/data/xhub/boards/XilinxBoardStore/boards/Xilinx/vck190_newl/production/1.2/board.xml as part xcvc1902-vsva2197-2mp-e-s specified in board_part file is either invalid or not available
WARNING: [Board 49-26] cannot add Board Part xilinx.com:vcu108:part0:1.6 available at C:/Xilinx/Vivado/2024.1/data/xhub/boards/XilinxBoardStore/boards/Xilinx/vcu108/1.6/board.xml as part xcvu095-ffva2104-2-e specified in board_part file is either invalid or not available
WARNING: [Board 49-26] cannot add Board Part xilinx.com:vcu108:part0:1.7 available at C:/Xilinx/Vivado/2024.1/data/xhub/boards/XilinxBoardStore/boards/Xilinx/vcu108/1.7/board.xml as part xcvu095-ffva2104-2-e specified in board_part file is either invalid or not available
WARNING: [Board 49-26] cannot add Board Part xilinx.com:vcu110:part0:1.4 available at C:/Xilinx/Vivado/2024.1/data/xhub/boards/XilinxBoardStore/boards/Xilinx/vcu110/1.4/board.xml as part xcvu190-flgc2104-2-e specified in board_part file is either invalid or not available
WARNING: [Board 49-26] cannot add Board Part xilinx.com:vcu118:part0:2.0 available at C:/Xilinx/Vivado/2024.1/data/xhub/boards/XilinxBoardStore/boards/Xilinx/vcu118/2.0/board.xml as part xcvu9p-flga2104-2l-e specified in board_part file is either invalid or not available
WARNING: [Board 49-26] cannot add Board Part xilinx.com:vcu118:part0:2.3 available at C:/Xilinx/Vivado/2024.1/data/xhub/boards/XilinxBoardStore/boards/Xilinx/vcu118/2.3/board.xml as part xcvu9p-flga2104-2l-e specified in board_part file is either invalid or not available
WARNING: [Board 49-26] cannot add Board Part xilinx.com:vcu118:part0:2.4 available at C:/Xilinx/Vivado/2024.1/data/xhub/boards/XilinxBoardStore/boards/Xilinx/vcu118/2.4/board.xml as part xcvu9p-flga2104-2l-e specified in board_part file is either invalid or not available
WARNING: [Board 49-26] cannot add Board Part xilinx.com:vcu128:part0:1.0 available at C:/Xilinx/Vivado/2024.1/data/xhub/boards/XilinxBoardStore/boards/Xilinx/vcu128/production/1.0/board.xml as part xcvu37p-fsvh2892-2l-e specified in board_part file is either invalid or not available
WARNING: [Board 49-26] cannot add Board Part xilinx.com:vcu129:part0:1.0 available at C:/Xilinx/Vivado/2024.1/data/xhub/boards/XilinxBoardStore/boards/Xilinx/vcu129/production/1.0/board.xml as part xcvu29p-fsga2577-2l-e specified in board_part file is either invalid or not available
WARNING: [Board 49-26] cannot add Board Part xilinx.com:vcu1525:part0:1.3 available at C:/Xilinx/Vivado/2024.1/data/xhub/boards/XilinxBoardStore/boards/Xilinx/vcu1525/1.3/board.xml as part xcvu9p-fsgd2104-2l-e specified in board_part file is either invalid or not available
WARNING: [Board 49-26] cannot add Board Part xilinx.com:vek280:part0:1.0 available at C:/Xilinx/Vivado/2024.1/data/xhub/boards/XilinxBoardStore/boards/Xilinx/vek280/production/1.0/board.xml as part xcve2802-vsvh1760-2mp-e-s specified in board_part file is either invalid or not available
WARNING: [Board 49-26] cannot add Board Part xilinx.com:vek280:part0:1.1 available at C:/Xilinx/Vivado/2024.1/data/xhub/boards/XilinxBoardStore/boards/Xilinx/vek280/production/1.1/board.xml as part xcve2802-vsvh1760-2mp-e-s specified in board_part file is either invalid or not available
WARNING: [Board 49-26] cannot add Board Part xilinx.com:vek280:part0:1.2 available at C:/Xilinx/Vivado/2024.1/data/xhub/boards/XilinxBoardStore/boards/Xilinx/vek280/production/1.2/board.xml as part xcve2802-vsvh1760-2mp-e-s specified in board_part file is either invalid or not available
WARNING: [Board 49-26] cannot add Board Part xilinx.com:vek280_es:part0:1.0 available at C:/Xilinx/Vivado/2024.1/data/xhub/boards/XilinxBoardStore/boards/Xilinx/vek280/es/rev_a/1.0/board.xml as part xcve2802-vsvh1760-2lp-e-s-es1 specified in board_part file is either invalid or not available
WARNING: [Board 49-26] cannot add Board Part xilinx.com:vek280_es:part0:1.1 available at C:/Xilinx/Vivado/2024.1/data/xhub/boards/XilinxBoardStore/boards/Xilinx/vek280/es/rev_a/1.1/board.xml as part xcve2802-vsvh1760-2lp-e-s-es1 specified in board_part file is either invalid or not available
WARNING: [Board 49-26] cannot add Board Part xilinx.com:vek280_es_revb:part0:1.0 available at C:/Xilinx/Vivado/2024.1/data/xhub/boards/XilinxBoardStore/boards/Xilinx/vek280/es/rev_b/1.0/board.xml as part xcve2802-vsvh1760-2mp-e-s-es1 specified in board_part file is either invalid or not available
WARNING: [Board 49-26] cannot add Board Part xilinx.com:vek280_es_revb:part0:1.1 available at C:/Xilinx/Vivado/2024.1/data/xhub/boards/XilinxBoardStore/boards/Xilinx/vek280/es/rev_b/1.1/board.xml as part xcve2802-vsvh1760-2mp-e-s-es1 specified in board_part file is either invalid or not available
WARNING: [Board 49-26] cannot add Board Part xilinx.com:vermeo_t1_mpsoc:part0:1.0 available at C:/Xilinx/Vivado/2024.1/data/xhub/boards/XilinxBoardStore/boards/Xilinx/vermeo_t1_mpsoc/1.0/board.xml as part xczu19eg-ffvd1760-2l-e specified in board_part file is either invalid or not available
WARNING: [Board 49-26] cannot add Board Part xilinx.com:vermeo_t1_rfsoc:part0:1.0 available at C:/Xilinx/Vivado/2024.1/data/xhub/boards/XilinxBoardStore/boards/Xilinx/vermeo_t1_rfsoc/1.0/board.xml as part xczu21dr-ffvd1156-2l-e specified in board_part file is either invalid or not available
WARNING: [Board 49-26] cannot add Board Part xilinx.com:vhk158:part0:1.0 available at C:/Xilinx/Vivado/2024.1/data/xhub/boards/XilinxBoardStore/boards/Xilinx/vhk158/production/1.0/board.xml as part xcvh1582-vsva3697-2mp-e-s specified in board_part file is either invalid or not available
WARNING: [Board 49-26] cannot add Board Part xilinx.com:vhk158:part0:1.1 available at C:/Xilinx/Vivado/2024.1/data/xhub/boards/XilinxBoardStore/boards/Xilinx/vhk158/production/1.1/board.xml as part xcvh1582-vsva3697-2mp-e-s specified in board_part file is either invalid or not available
WARNING: [Board 49-26] cannot add Board Part xilinx.com:vhk158_es:part0:1.0 available at C:/Xilinx/Vivado/2024.1/data/xhub/boards/XilinxBoardStore/boards/Xilinx/vhk158/es/1.0/board.xml as part xcvh1582-vsva3697-2mp-e-s-es1 specified in board_part file is either invalid or not available
WARNING: [Board 49-26] cannot add Board Part xilinx.com:vhk158_es:part0:1.1 available at C:/Xilinx/Vivado/2024.1/data/xhub/boards/XilinxBoardStore/boards/Xilinx/vhk158/es/1.1/board.xml as part xcvh1582-vsva3697-2mp-e-s-es1 specified in board_part file is either invalid or not available
WARNING: [Board 49-26] cannot add Board Part xilinx.com:vmk180:part0:2.2 available at C:/Xilinx/Vivado/2024.1/data/xhub/boards/XilinxBoardStore/boards/Xilinx/vmk180/production/2.2/board.xml as part xcvm1802-vsva2197-2mp-e-s specified in board_part file is either invalid or not available
WARNING: [Board 49-26] cannot add Board Part xilinx.com:vmk180:part0:3.0 available at C:/Xilinx/Vivado/2024.1/data/xhub/boards/XilinxBoardStore/boards/Xilinx/vmk180/production/3.0/board.xml as part xcvm1802-vsva2197-2mp-e-s specified in board_part file is either invalid or not available
WARNING: [Board 49-26] cannot add Board Part xilinx.com:vmk180:part0:3.1 available at C:/Xilinx/Vivado/2024.1/data/xhub/boards/XilinxBoardStore/boards/Xilinx/vmk180/production/3.1/board.xml as part xcvm1802-vsva2197-2mp-e-s specified in board_part file is either invalid or not available
WARNING: [Board 49-26] cannot add Board Part xilinx.com:vmk180:part0:3.2 available at C:/Xilinx/Vivado/2024.1/data/xhub/boards/XilinxBoardStore/boards/Xilinx/vmk180/production/3.2/board.xml as part xcvm1802-vsva2197-2mp-e-s specified in board_part file is either invalid or not available
WARNING: [Board 49-26] cannot add Board Part xilinx.com:vmk180_newl:part0:1.0 available at C:/Xilinx/Vivado/2024.1/data/xhub/boards/XilinxBoardStore/boards/Xilinx/vmk180_newl/production/1.0/board.xml as part xcvm1802-vsva2197-2mp-e-s specified in board_part file is either invalid or not available
WARNING: [Board 49-26] cannot add Board Part xilinx.com:vmk180_newl:part0:1.1 available at C:/Xilinx/Vivado/2024.1/data/xhub/boards/XilinxBoardStore/boards/Xilinx/vmk180_newl/production/1.1/board.xml as part xcvm1802-vsva2197-2mp-e-s specified in board_part file is either invalid or not available
WARNING: [Board 49-26] cannot add Board Part xilinx.com:vpk120:part0:1.0 available at C:/Xilinx/Vivado/2024.1/data/xhub/boards/XilinxBoardStore/boards/Xilinx/vpk120/production/1.0/board.xml as part xcvp1202-vsva2785-2mp-e-s specified in board_part file is either invalid or not available
WARNING: [Board 49-26] cannot add Board Part xilinx.com:vpk120:part0:1.1 available at C:/Xilinx/Vivado/2024.1/data/xhub/boards/XilinxBoardStore/boards/Xilinx/vpk120/production/1.1/board.xml as part xcvp1202-vsva2785-2mp-e-s specified in board_part file is either invalid or not available
WARNING: [Board 49-26] cannot add Board Part xilinx.com:vpk120:part0:1.2 available at C:/Xilinx/Vivado/2024.1/data/xhub/boards/XilinxBoardStore/boards/Xilinx/vpk120/production/1.2/board.xml as part xcvp1202-vsva2785-2mp-e-s specified in board_part file is either invalid or not available
WARNING: [Board 49-26] cannot add Board Part xilinx.com:vpk180:part0:1.0 available at C:/Xilinx/Vivado/2024.1/data/xhub/boards/XilinxBoardStore/boards/Xilinx/vpk180/production/1.0/board.xml as part xcvp1802-lsvc4072-2mp-e-s specified in board_part file is either invalid or not available
WARNING: [Board 49-26] cannot add Board Part xilinx.com:vpk180:part0:1.1 available at C:/Xilinx/Vivado/2024.1/data/xhub/boards/XilinxBoardStore/boards/Xilinx/vpk180/production/1.1/board.xml as part xcvp1802-lsvc4072-2mp-e-s specified in board_part file is either invalid or not available
WARNING: [Board 49-26] cannot add Board Part xilinx.com:vpk180:part0:1.2 available at C:/Xilinx/Vivado/2024.1/data/xhub/boards/XilinxBoardStore/boards/Xilinx/vpk180/production/1.2/board.xml as part xcvp1802-lsvc4072-2mp-e-s specified in board_part file is either invalid or not available
WARNING: [Board 49-26] cannot add Board Part xilinx.com:zc706:part0:1.4 available at C:/Xilinx/Vivado/2024.1/data/xhub/boards/XilinxBoardStore/boards/Xilinx/zc706/1.4/board.xml as part xc7z045ffg900-2 specified in board_part file is either invalid or not available
WARNING: [Board 49-26] cannot add Board Part xilinx.com:zcu102:part0:3.3 available at C:/Xilinx/Vivado/2024.1/data/xhub/boards/XilinxBoardStore/boards/Xilinx/zcu102/3.3/board.xml as part xczu9eg-ffvb1156-2-e specified in board_part file is either invalid or not available
WARNING: [Board 49-26] cannot add Board Part xilinx.com:zcu102:part0:3.4 available at C:/Xilinx/Vivado/2024.1/data/xhub/boards/XilinxBoardStore/boards/Xilinx/zcu102/3.4/board.xml as part xczu9eg-ffvb1156-2-e specified in board_part file is either invalid or not available
WARNING: [Board 49-26] cannot add Board Part xilinx.com:zcu111:part0:1.2 available at C:/Xilinx/Vivado/2024.1/data/xhub/boards/XilinxBoardStore/boards/Xilinx/zcu111/1.2/board.xml as part xczu28dr-ffvg1517-2-e specified in board_part file is either invalid or not available
WARNING: [Board 49-26] cannot add Board Part xilinx.com:zcu111:part0:1.3 available at C:/Xilinx/Vivado/2024.1/data/xhub/boards/XilinxBoardStore/boards/Xilinx/zcu111/1.3/board.xml as part xczu28dr-ffvg1517-2-e specified in board_part file is either invalid or not available
WARNING: [Board 49-26] cannot add Board Part xilinx.com:zcu111:part0:1.4 available at C:/Xilinx/Vivado/2024.1/data/xhub/boards/XilinxBoardStore/boards/Xilinx/zcu111/1.4/board.xml as part xczu28dr-ffvg1517-2-e specified in board_part file is either invalid or not available
WARNING: [Board 49-26] cannot add Board Part xilinx.com:zcu1275:part0:1.0 available at C:/Xilinx/Vivado/2024.1/data/xhub/boards/XilinxBoardStore/boards/Xilinx/zcu1275/1.0/board.xml as part xczu29dr-ffvf1760-2-e specified in board_part file is either invalid or not available
WARNING: [Board 49-26] cannot add Board Part xilinx.com:zcu1285:part0:1.0 available at C:/Xilinx/Vivado/2024.1/data/xhub/boards/XilinxBoardStore/boards/Xilinx/zcu1285/1.0/board.xml as part xczu39dr-ffvf1760-2-i specified in board_part file is either invalid or not available
WARNING: [Board 49-26] cannot add Board Part xilinx.com:zcu208:part0:2.0 available at C:/Xilinx/Vivado/2024.1/data/xhub/boards/XilinxBoardStore/boards/Xilinx/zcu208/production/2.0/board.xml as part xczu48dr-fsvg1517-2-e specified in board_part file is either invalid or not available
WARNING: [Board 49-26] cannot add Board Part xilinx.com:zcu208ld:part0:2.0 available at C:/Xilinx/Vivado/2024.1/data/xhub/boards/XilinxBoardStore/boards/Xilinx/zcu208ld/production/2.0/board.xml as part xczu58dr-fsvg1517-2-i specified in board_part file is either invalid or not available
WARNING: [Board 49-26] cannot add Board Part xilinx.com:zcu216:part0:2.0 available at C:/Xilinx/Vivado/2024.1/data/xhub/boards/XilinxBoardStore/boards/Xilinx/zcu216/production/2.0/board.xml as part xczu49dr-ffvf1760-2-e specified in board_part file is either invalid or not available
WARNING: [Board 49-26] cannot add Board Part xilinx.com:zcu216ld:part0:2.0 available at C:/Xilinx/Vivado/2024.1/data/xhub/boards/XilinxBoardStore/boards/Xilinx/zcu216ld/production/2.0/board.xml as part xczu59dr-ffvf1760-2-i specified in board_part file is either invalid or not available
WARNING: [Board 49-26] cannot add Board Part xilinx.com:zcu670:part0:2.0 available at C:/Xilinx/Vivado/2024.1/data/xhub/boards/XilinxBoardStore/boards/Xilinx/zcu670/2.0/board.xml as part xczu67dr-fsve1156-2-i specified in board_part file is either invalid or not available
WARNING: [Board 49-26] cannot add Board Part xilinx.com:zcu670ld:part0:1.0 available at C:/Xilinx/Vivado/2024.1/data/xhub/boards/XilinxBoardStore/boards/Xilinx/zcu670ld/1.0/board.xml as part xczu57dr-fsve1156-2-i specified in board_part file is either invalid or not available
INFO: [filemgmt 56-3] Default IP Output Path : Could not find the directory 'C:/Users/user/Desktop/srf_pll/SRF_PLL/srf_pll/srf_pll.gen/sources_1'.
Scanning sources...
Finished scanning sources
open_project: Time (s): cpu = 00:01:36 ; elapsed = 00:00:59 . Memory (MB): peak = 1577.469 ; gain = 516.523
update_compile_order -fileset sources_1
export_ip_user_files -of_objects  [get_files C:/Users/user/Desktop/srf_pll/SRF_PLL/srf_pll/srf_pll.srcs/sources_1/new/parke_transform.vhd] -no_script -reset -force -quiet
export_ip_user_files -of_objects  [get_files C:/Users/user/Desktop/srf_pll/SRF_PLL/srf_pll/srf_pll.srcs/sources_1/new/clarke_transform.vhd] -no_script -reset -force -quiet
export_ip_user_files -of_objects  [get_files C:/Users/user/Desktop/srf_pll/SRF_PLL/srf_pll/srf_pll.srcs/sources_1/new/cordic_sin_cos.vhd] -no_script -reset -force -quiet
export_ip_user_files -of_objects  [get_files C:/Users/user/Desktop/srf_pll/SRF_PLL/srf_pll/srf_pll.srcs/sources_1/new/shift_register.vhd] -no_script -reset -force -quiet
export_ip_user_files -of_objects  [get_files C:/Users/user/Desktop/srf_pll/SRF_PLL/srf_pll/srf_pll.srcs/sources_1/new/psc.vhd] -no_script -reset -force -quiet
export_ip_user_files -of_objects  [get_files C:/Users/user/Desktop/srf_pll/SRF_PLL/srf_pll/srf_pll.srcs/sources_1/new/sogi.vhd] -no_script -reset -force -quiet
export_ip_user_files -of_objects  [get_files C:/Users/user/Desktop/srf_pll/SRF_PLL/srf_pll/srf_pll.srcs/sources_1/new/pi_controller.vhd] -no_script -reset -force -quiet
export_ip_user_files -of_objects  [get_files C:/Users/user/Desktop/srf_pll/SRF_PLL/srf_pll/srf_pll.srcs/sources_1/new/ema_filter.vhd] -no_script -reset -force -quiet
remove_files  {C:/Users/user/Desktop/srf_pll/SRF_PLL/srf_pll/srf_pll.srcs/sources_1/new/parke_transform.vhd C:/Users/user/Desktop/srf_pll/SRF_PLL/srf_pll/srf_pll.srcs/sources_1/new/clarke_transform.vhd C:/Users/user/Desktop/srf_pll/SRF_PLL/srf_pll/srf_pll.srcs/sources_1/new/cordic_sin_cos.vhd C:/Users/user/Desktop/srf_pll/SRF_PLL/srf_pll/srf_pll.srcs/sources_1/new/shift_register.vhd C:/Users/user/Desktop/srf_pll/SRF_PLL/srf_pll/srf_pll.srcs/sources_1/new/psc.vhd C:/Users/user/Desktop/srf_pll/SRF_PLL/srf_pll/srf_pll.srcs/sources_1/new/sogi.vhd C:/Users/user/Desktop/srf_pll/SRF_PLL/srf_pll/srf_pll.srcs/sources_1/new/pi_controller.vhd C:/Users/user/Desktop/srf_pll/SRF_PLL/srf_pll/srf_pll.srcs/sources_1/new/ema_filter.vhd}
file delete -force C:/Users/user/Desktop/srf_pll/SRF_PLL/srf_pll/srf_pll.srcs/sources_1/new/parke_transform.vhd C:/Users/user/Desktop/srf_pll/SRF_PLL/srf_pll/srf_pll.srcs/sources_1/new/clarke_transform.vhd C:/Users/user/Desktop/srf_pll/SRF_PLL/srf_pll/srf_pll.srcs/sources_1/new/cordic_sin_cos.vhd C:/Users/user/Desktop/srf_pll/SRF_PLL/srf_pll/srf_pll.srcs/sources_1/new/shift_register.vhd C:/Users/user/Desktop/srf_pll/SRF_PLL/srf_pll/srf_pll.srcs/sources_1/new/psc.vhd C:/Users/user/Desktop/srf_pll/SRF_PLL/srf_pll/srf_pll.srcs/sources_1/new/sogi.vhd C:/Users/user/Desktop/srf_pll/SRF_PLL/srf_pll/srf_pll.srcs/sources_1/new/pi_controller.vhd C:/Users/user/Desktop/srf_pll/SRF_PLL/srf_pll/srf_pll.srcs/sources_1/new/ema_filter.vhd
update_compile_order -fileset sources_1
export_ip_user_files -of_objects  [get_files C:/Users/user/Desktop/srf_pll/SRF_PLL/srf_pll/srf_pll.srcs/sources_1/new/srf_pll.vhd] -no_script -reset -force -quiet
remove_files  C:/Users/user/Desktop/srf_pll/SRF_PLL/srf_pll/srf_pll.srcs/sources_1/new/srf_pll.vhd
add_files -norecurse -scan_for_includes {C:/Users/user/Documents/sogi_tustin/sogi_tustin.srcs/sources_1/new/pi_controller.vhd C:/Users/user/Documents/sogi_tustin/sogi_tustin.srcs/sources_1/new/shift_register.vhd C:/Users/user/Documents/sogi_tustin/sogi_tustin.srcs/sources_1/new/ema_filter.vhd C:/Users/user/Documents/sogi_tustin/sogi_tustin.srcs/sources_1/new/enable_generator.vhd C:/Users/user/Documents/sogi_tustin/sogi_tustin.srcs/sources_1/new/cordic_sin_cos.vhd C:/Users/user/Documents/sogi_tustin/sogi_tustin.srcs/sources_1/new/parke_transform.vhd C:/Users/user/Documents/sogi_tustin/sogi_tustin.srcs/sources_1/new/shift_buffer.vhd C:/Users/user/Documents/sogi_tustin/sogi_tustin.srcs/sources_1/new/sogi.vhd C:/Users/user/Documents/sogi_tustin/sogi_tustin.srcs/sources_1/new/integrator.vhd C:/Users/user/Documents/sogi_tustin/sogi_tustin.srcs/sources_1/new/srf_pll.vhd}
import_files -norecurse {C:/Users/user/Documents/sogi_tustin/sogi_tustin.srcs/sources_1/new/pi_controller.vhd C:/Users/user/Documents/sogi_tustin/sogi_tustin.srcs/sources_1/new/shift_register.vhd C:/Users/user/Documents/sogi_tustin/sogi_tustin.srcs/sources_1/new/ema_filter.vhd C:/Users/user/Documents/sogi_tustin/sogi_tustin.srcs/sources_1/new/enable_generator.vhd C:/Users/user/Documents/sogi_tustin/sogi_tustin.srcs/sources_1/new/cordic_sin_cos.vhd C:/Users/user/Documents/sogi_tustin/sogi_tustin.srcs/sources_1/new/parke_transform.vhd C:/Users/user/Documents/sogi_tustin/sogi_tustin.srcs/sources_1/new/shift_buffer.vhd C:/Users/user/Documents/sogi_tustin/sogi_tustin.srcs/sources_1/new/sogi.vhd C:/Users/user/Documents/sogi_tustin/sogi_tustin.srcs/sources_1/new/integrator.vhd C:/Users/user/Documents/sogi_tustin/sogi_tustin.srcs/sources_1/new/srf_pll.vhd}
update_compile_order -fileset sources_1
open_project C:/Users/user/Documents/sogi_tustin/sogi_tustin.xpr
open_project: Time (s): cpu = 00:00:18 ; elapsed = 00:00:12 . Memory (MB): peak = 1623.145 ; gain = 0.000
current_project srf_pll
current_project sogi_tustin
current_project srf_pll
create_ip -name clk_wiz -vendor xilinx.com -library ip -version 6.0 -module_name clk_wiz_0
set_property -dict [list \
  CONFIG.CLKOUT1_DRIVES {BUFG} \
  CONFIG.CLKOUT1_JITTER {446.763} \
  CONFIG.CLKOUT1_PHASE_ERROR {313.282} \
  CONFIG.CLKOUT1_REQUESTED_OUT_FREQ {10} \
  CONFIG.CLKOUT2_DRIVES {BUFG} \
  CONFIG.CLKOUT3_DRIVES {BUFG} \
  CONFIG.CLKOUT4_DRIVES {BUFG} \
  CONFIG.CLKOUT5_DRIVES {BUFG} \
  CONFIG.CLKOUT6_DRIVES {BUFG} \
  CONFIG.CLKOUT7_DRIVES {BUFG} \
  CONFIG.MMCM_BANDWIDTH {OPTIMIZED} \
  CONFIG.MMCM_CLKFBOUT_MULT_F {41} \
  CONFIG.MMCM_CLKOUT0_DIVIDE_F {82} \
  CONFIG.MMCM_COMPENSATION {ZHOLD} \
  CONFIG.MMCM_DIVCLK_DIVIDE {5} \
  CONFIG.PRIMITIVE {PLL} \
  CONFIG.USE_LOCKED {false} \
  CONFIG.USE_RESET {false} \
] [get_ips clk_wiz_0]
generate_target {instantiation_template} [get_files c:/Users/user/Desktop/srf_pll/SRF_PLL/srf_pll/srf_pll.srcs/sources_1/ip/clk_wiz_0/clk_wiz_0.xci]
current_project sogi_tustin
ERROR: [Common 17-180] Spawn failed: No error
current_project srf_pll
update_compile_order -fileset sources_1
ERROR: [Common 17-180] Spawn failed: No error
ERROR: [Common 17-180] Spawn failed: No error
generate_target all [get_files  c:/Users/user/Desktop/srf_pll/SRF_PLL/srf_pll/srf_pll.srcs/sources_1/ip/clk_wiz_0/clk_wiz_0.xci]
catch { config_ip_cache -export [get_ips -all clk_wiz_0] }
export_ip_user_files -of_objects [get_files c:/Users/user/Desktop/srf_pll/SRF_PLL/srf_pll/srf_pll.srcs/sources_1/ip/clk_wiz_0/clk_wiz_0.xci] -no_script -sync -force -quiet
create_ip_run [get_files -of_objects [get_fileset sources_1] c:/Users/user/Desktop/srf_pll/SRF_PLL/srf_pll/srf_pll.srcs/sources_1/ip/clk_wiz_0/clk_wiz_0.xci]
launch_runs clk_wiz_0_synth_1 -jobs 8
export_simulation -of_objects [get_files c:/Users/user/Desktop/srf_pll/SRF_PLL/srf_pll/srf_pll.srcs/sources_1/ip/clk_wiz_0/clk_wiz_0.xci] -directory C:/Users/user/Desktop/srf_pll/SRF_PLL/srf_pll/srf_pll.ip_user_files/sim_scripts -ip_user_files_dir C:/Users/user/Desktop/srf_pll/SRF_PLL/srf_pll/srf_pll.ip_user_files -ipstatic_source_dir C:/Users/user/Desktop/srf_pll/SRF_PLL/srf_pll/srf_pll.ip_user_files/ipstatic -lib_map_path [list {modelsim=C:/Users/user/Desktop/srf_pll/SRF_PLL/srf_pll/srf_pll.cache/compile_simlib/modelsim} {questa=C:/Users/user/Desktop/srf_pll/SRF_PLL/srf_pll/srf_pll.cache/compile_simlib/questa} {riviera=C:/Users/user/Desktop/srf_pll/SRF_PLL/srf_pll/srf_pll.cache/compile_simlib/riviera} {activehdl=C:/Users/user/Desktop/srf_pll/SRF_PLL/srf_pll/srf_pll.cache/compile_simlib/activehdl}] -use_ip_compiled_libs -force -quiet
current_project sogi_tustin
update_compile_order -fileset sources_1
current_project srf_pll
export_ip_user_files -of_objects  [get_files C:/Users/user/Desktop/srf_pll/SRF_PLL/srf_pll/srf_pll.srcs/sim_1/new/tb_srf_pll.vhd] -no_script -reset -force -quiet
export_ip_user_files -of_objects  [get_files C:/Users/user/Desktop/srf_pll/SRF_PLL/srf_pll/srf_pll.srcs/sim_1/new/tb_clarke_transform.vhd] -no_script -reset -force -quiet
export_ip_user_files -of_objects  [get_files C:/Users/user/Desktop/srf_pll/SRF_PLL/srf_pll/srf_pll.srcs/sim_1/new/tb_cordic_sin_cos.vhd] -no_script -reset -force -quiet
export_ip_user_files -of_objects  [get_files C:/Users/user/Desktop/srf_pll/SRF_PLL/srf_pll/srf_pll.srcs/sim_1/new/tb_parke_transform.vhd] -no_script -reset -force -quiet
export_ip_user_files -of_objects  [get_files C:/Users/user/Desktop/srf_pll/SRF_PLL/srf_pll/srf_pll.srcs/sim_1/new/tb_pi_controller.vhd] -no_script -reset -force -quiet
export_ip_user_files -of_objects  [get_files C:/Users/user/Desktop/srf_pll/SRF_PLL/srf_pll/srf_pll.srcs/sim_1/new/tb_shift_register.vhd] -no_script -reset -force -quiet
export_ip_user_files -of_objects  [get_files C:/Users/user/Desktop/srf_pll/SRF_PLL/srf_pll/srf_pll.srcs/sim_1/new/tb_sogi.vhd] -no_script -reset -force -quiet
remove_files  -fileset sim_1 {C:/Users/user/Desktop/srf_pll/SRF_PLL/srf_pll/srf_pll.srcs/sim_1/new/tb_srf_pll.vhd C:/Users/user/Desktop/srf_pll/SRF_PLL/srf_pll/srf_pll.srcs/sim_1/new/tb_clarke_transform.vhd C:/Users/user/Desktop/srf_pll/SRF_PLL/srf_pll/srf_pll.srcs/sim_1/new/tb_cordic_sin_cos.vhd C:/Users/user/Desktop/srf_pll/SRF_PLL/srf_pll/srf_pll.srcs/sim_1/new/tb_parke_transform.vhd C:/Users/user/Desktop/srf_pll/SRF_PLL/srf_pll/srf_pll.srcs/sim_1/new/tb_pi_controller.vhd C:/Users/user/Desktop/srf_pll/SRF_PLL/srf_pll/srf_pll.srcs/sim_1/new/tb_shift_register.vhd C:/Users/user/Desktop/srf_pll/SRF_PLL/srf_pll/srf_pll.srcs/sim_1/new/tb_sogi.vhd}
file delete -force C:/Users/user/Desktop/srf_pll/SRF_PLL/srf_pll/srf_pll.srcs/sim_1/new/tb_srf_pll.vhd C:/Users/user/Desktop/srf_pll/SRF_PLL/srf_pll/srf_pll.srcs/sim_1/new/tb_clarke_transform.vhd C:/Users/user/Desktop/srf_pll/SRF_PLL/srf_pll/srf_pll.srcs/sim_1/new/tb_cordic_sin_cos.vhd C:/Users/user/Desktop/srf_pll/SRF_PLL/srf_pll/srf_pll.srcs/sim_1/new/tb_parke_transform.vhd C:/Users/user/Desktop/srf_pll/SRF_PLL/srf_pll/srf_pll.srcs/sim_1/new/tb_pi_controller.vhd C:/Users/user/Desktop/srf_pll/SRF_PLL/srf_pll/srf_pll.srcs/sim_1/new/tb_shift_register.vhd C:/Users/user/Desktop/srf_pll/SRF_PLL/srf_pll/srf_pll.srcs/sim_1/new/tb_sogi.vhd
set_property SOURCE_SET sources_1 [get_filesets sim_1]
add_files -fileset sim_1 -norecurse -scan_for_includes {C:/Users/user/Documents/sogi_tustin/sogi_tustin.srcs/sim_1/new/tb_srf_pll.vhd C:/Users/user/Documents/sogi_tustin/sogi_tustin.srcs/sim_1/new/tb_parke_transform.vhd C:/Users/user/Documents/sogi_tustin/sogi_tustin.srcs/sim_1/new/tb_pi_controller.vhd C:/Users/user/Documents/sogi_tustin/sogi_tustin.srcs/sim_1/new/tb_sogi.vhd C:/Users/user/Documents/sogi_tustin/sogi_tustin.srcs/sim_1/new/tb_integrator.vhd C:/Users/user/Documents/sogi_tustin/sogi_tustin.srcs/sim_1/new/tb_shift_buffer.vhd}
import_files -fileset sim_1 -norecurse {C:/Users/user/Documents/sogi_tustin/sogi_tustin.srcs/sim_1/new/tb_srf_pll.vhd C:/Users/user/Documents/sogi_tustin/sogi_tustin.srcs/sim_1/new/tb_parke_transform.vhd C:/Users/user/Documents/sogi_tustin/sogi_tustin.srcs/sim_1/new/tb_pi_controller.vhd C:/Users/user/Documents/sogi_tustin/sogi_tustin.srcs/sim_1/new/tb_sogi.vhd C:/Users/user/Documents/sogi_tustin/sogi_tustin.srcs/sim_1/new/tb_integrator.vhd C:/Users/user/Documents/sogi_tustin/sogi_tustin.srcs/sim_1/new/tb_shift_buffer.vhd}
update_compile_order -fileset sim_1
launch_simulation
run_program: Time (s): cpu = 00:00:01 ; elapsed = 00:00:14 . Memory (MB): peak = 2116.523 ; gain = 0.000
ERROR: [USF-XSim-62] 'compile' step failed with error(s). Please check the Tcl console output or 'C:/Users/user/Desktop/srf_pll/SRF_PLL/srf_pll/srf_pll.sim/sim_1/behav/xsim/xvhdl.log' file for more information.
ERROR: [Vivado 12-4473] Detected error while running simulation. Please correct the issue and retry this operation.
launch_simulation: Time (s): cpu = 00:00:03 ; elapsed = 00:00:16 . Memory (MB): peak = 2116.523 ; gain = 0.000
ERROR: [Common 17-39] 'launch_simulation' failed due to earlier errors.
launch_simulation
run_program: Time (s): cpu = 00:00:02 ; elapsed = 00:00:11 . Memory (MB): peak = 2119.023 ; gain = 2.500
ERROR: [USF-XSim-62] 'compile' step failed with error(s). Please check the Tcl console output or 'C:/Users/user/Desktop/srf_pll/SRF_PLL/srf_pll/srf_pll.sim/sim_1/behav/xsim/xvhdl.log' file for more information.
ERROR: [Vivado 12-4473] Detected error while running simulation. Please correct the issue and retry this operation.
launch_simulation: Time (s): cpu = 00:00:03 ; elapsed = 00:00:12 . Memory (MB): peak = 2119.023 ; gain = 2.500
ERROR: [Common 17-39] 'launch_simulation' failed due to earlier errors.
ERROR: [Common 17-180] Spawn failed: No error
ERROR: [Common 17-180] Spawn failed: No error
close_project
