#-----------------------------------------------------------
# Vivado v2024.1 (64-bit)
# SW Build 5076996 on Wed May 22 18:37:14 MDT 2024
# IP Build 5075265 on Wed May 22 21:45:21 MDT 2024
# SharedData Build 5076995 on Wed May 22 18:29:18 MDT 2024
# Start of session at: Sat Jul 12 13:45:04 2025
# Process ID: 8860
# Current directory: C:/Users/Jan/Desktop/SRF_PLL/SRF_PLL/srf_pll/srf_pll.runs/synth_1
# Command line: vivado.exe -log srf_pll.vds -product Vivado -mode batch -messageDb vivado.pb -notrace -source srf_pll.tcl
# Log file: C:/Users/Jan/Desktop/SRF_PLL/SRF_PLL/srf_pll/srf_pll.runs/synth_1/srf_pll.vds
# Journal file: C:/Users/Jan/Desktop/SRF_PLL/SRF_PLL/srf_pll/srf_pll.runs/synth_1\vivado.jou
# Running On        :DESKTOP-1FUVVL9
# Platform          :Windows Server 2016 or Windows 10
# Operating System  :19045
# Processor Detail  :Intel(R) Core(TM) i5-10400F CPU @ 2.90GHz
# CPU Frequency     :2904 MHz
# CPU Physical cores:6
# CPU Logical cores :12
# Host memory       :17037 MB
# Swap memory       :14495 MB
# Total Virtual     :31533 MB
# Available Virtual :12990 MB
#-----------------------------------------------------------
source srf_pll.tcl -notrace
