INFO: [VRFC 10-163] Analyzing VHDL file "C:/Users/user/Desktop/srf_pll/SRF_PLL/srf_pll/srf_pll.srcs/sources_1/imports/new/cordic_sin_cos.vhd" into library xil_defaultlib
INFO: [VRFC 10-3107] analyzing entity 'cordic_sin_cos'
INFO: [VRFC 10-163] Analyzing VHDL file "C:/Users/user/Desktop/srf_pll/SRF_PLL/srf_pll/srf_pll.srcs/sources_1/imports/new/ema_filter.vhd" into library xil_defaultlib
INFO: [VRFC 10-3107] analyzing entity 'ema_filter'
INFO: [VRFC 10-163] Analyzing VHDL file "C:/Users/user/Desktop/srf_pll/SRF_PLL/srf_pll/srf_pll.srcs/sources_1/imports/new/enable_generator.vhd" into library xil_defaultlib
INFO: [VRFC 10-3107] analyzing entity 'enable_generator'
INFO: [VRFC 10-163] Analyzing VHDL file "C:/Users/user/Desktop/srf_pll/SRF_PLL/srf_pll/srf_pll.srcs/sources_1/imports/new/sogi.vhd" into library xil_defaultlib
INFO: [VRFC 10-3107] analyzing entity 'sogi'
INFO: [VRFC 10-163] Analyzing VHDL file "C:/Users/user/Desktop/srf_pll/SRF_PLL/srf_pll/srf_pll.srcs/sources_1/imports/new/shift_buffer.vhd" into library xil_defaultlib
INFO: [VRFC 10-3107] analyzing entity 'shift_buffer'
INFO: [VRFC 10-163] Analyzing VHDL file "C:/Users/user/Desktop/srf_pll/SRF_PLL/srf_pll/srf_pll.srcs/sources_1/imports/new/pi_controller.vhd" into library xil_defaultlib
INFO: [VRFC 10-3107] analyzing entity 'pi_controller'
INFO: [VRFC 10-163] Analyzing VHDL file "C:/Users/user/Desktop/srf_pll/SRF_PLL/srf_pll/srf_pll.srcs/sources_1/imports/new/integrator.vhd" into library xil_defaultlib
INFO: [VRFC 10-3107] analyzing entity 'integrator'
INFO: [VRFC 10-163] Analyzing VHDL file "C:/Users/user/Desktop/srf_pll/SRF_PLL/srf_pll/srf_pll.srcs/sources_1/imports/new/parke_transform.vhd" into library xil_defaultlib
INFO: [VRFC 10-3107] analyzing entity 'parke_transform'
INFO: [VRFC 10-163] Analyzing VHDL file "C:/Users/user/Desktop/srf_pll/SRF_PLL/srf_pll/srf_pll.srcs/sources_1/imports/new/shift_register.vhd" into library xil_defaultlib
INFO: [VRFC 10-3107] analyzing entity 'shift_register'
INFO: [VRFC 10-163] Analyzing VHDL file "C:/Users/user/Desktop/srf_pll/SRF_PLL/srf_pll/srf_pll.srcs/sources_1/imports/new/srf_pll.vhd" into library xil_defaultlib
INFO: [VRFC 10-3107] analyzing entity 'srf_pll'
INFO: [VRFC 10-163] Analyzing VHDL file "C:/Users/user/Desktop/srf_pll/SRF_PLL/srf_pll/srf_pll.srcs/sim_1/imports/new/tb_srf_pll.vhd" into library xil_defaultlib
INFO: [VRFC 10-3107] analyzing entity 'tb_srf_pll'
